// Jest Snapshot v1, https://goo.gl/fbAQLP

exports[`The calculator component renders correctly 1`] = `
<section
  data-testid="calculator-content"
>
  <div
    className="calculator"
  >
    <div
      className="resultBar"
      data-testid="calculation-result"
    >
      0
    </div>
    <div
      className="row"
    >
      <button
        className="button  "
        data-testid="btn-AC"
        onClick={[Function]}
        type="button"
      >
        AC
      </button>
      <button
        className="button  "
        data-testid="btn-+/-"
        onClick={[Function]}
        type="button"
      >
        +/-
      </button>
      <button
        className="button  "
        data-testid="btn-%"
        onClick={[Function]}
        type="button"
      >
        %
      </button>
      <button
        className="button  accent"
        data-testid="btn-รท"
        onClick={[Function]}
        type="button"
      >
        รท
      </button>
    </div>
    <div
      className="row"
    >
      <button
        className="button  "
        data-testid="btn-7"
        onClick={[Function]}
        type="button"
      >
        7
      </button>
      <button
        className="button  "
        data-testid="btn-8"
        onClick={[Function]}
        type="button"
      >
        8
      </button>
      <button
        className="button  "
        data-testid="btn-9"
        onClick={[Function]}
        type="button"
      >
        9
      </button>
      <button
        className="button  accent"
        data-testid="btn-x"
        onClick={[Function]}
        type="button"
      >
        x
      </button>
    </div>
    <div
      className="row"
    >
      <button
        className="button  "
        data-testid="btn-4"
        onClick={[Function]}
        type="button"
      >
        4
      </button>
      <button
        className="button  "
        data-testid="btn-5"
        onClick={[Function]}
        type="button"
      >
        5
      </button>
      <button
        className="button  "
        data-testid="btn-6"
        onClick={[Function]}
        type="button"
      >
        6
      </button>
      <button
        className="button  accent"
        data-testid="btn--"
        onClick={[Function]}
        type="button"
      >
        -
      </button>
    </div>
    <div
      className="row"
    >
      <button
        className="button  "
        data-testid="btn-1"
        onClick={[Function]}
        type="button"
      >
        1
      </button>
      <button
        className="button  "
        data-testid="btn-2"
        onClick={[Function]}
        type="button"
      >
        2
      </button>
      <button
        className="button  "
        data-testid="btn-3"
        onClick={[Function]}
        type="button"
      >
        3
      </button>
      <button
        className="button  accent"
        data-testid="btn-+"
        onClick={[Function]}
        type="button"
      >
        +
      </button>
    </div>
    <div
      className="row"
    >
      <button
        className="button wide "
        data-testid="btn-0"
        onClick={[Function]}
        type="button"
      >
        0
      </button>
      <button
        className="button  "
        data-testid="btn-."
        onClick={[Function]}
        type="button"
      >
        .
      </button>
      <button
        className="button  accent"
        data-testid="btn-="
        onClick={[Function]}
        type="button"
      >
        =
      </button>
    </div>
  </div>
</section>
`;
